<html>
<body>
<pre>
<h1>µVision Build Log</h1>
<h2>Project:</h2>
G:\College\Graduation Project\graduation-project\traffic_lights\GSM Interface\Traffic_Light.uvproj
Project File Date:  03/23/2017

<h2>Output:</h2>
Rebuild target 'TL'
compiling GSM.c...
GSM.c(83): warning:  #177-D: variable "buffer_rcv" was declared but never referenced
        unsigned char buffer_rcv[100];
GSM.c: 1 warning, 0 errors
compiling main.c...
compiling PLL.c...
compiling SysTick.c...
compiling UART.c...
assembling startup.s...
linking...
Program Size: Code=3028 RO-data=32 RW-data=36 ZI-data=2244  
".\Traffic_Light.axf" - 0 Error(s), 1 Warning(s).
Load "G:\\College\\Graduation Project\\graduation-project\\traffic_lights\\GSM Interface\\Traffic_Light.axf" 
Connecting: Mode=JTAG, Speed=1000000Hz
Erase Done.
Programming Done.
Verify OK.
Clean started: Project: 'Traffic_Light'
   deleting intermediate output files for target 'TL'
peed=1000000Hz
Erase Done.
Programming Done.
Verify OK.
College\Graduation Project\graduation-project\traffic_lights\GSM Interface\Traffic_Light.axf'
ght.axf" 
Connecting: Mode=JTAG, Speed=1000000Hz
Connection failed!, error code=&d
Error: Flash Download failed  -  Target DLL has been cancelled
Load "G:\\College\\Graduation Project\\graduation-project\\traffic_lights\\GSM Interface\\Traffic_Light.axf" 
Connecting: Mode=JTAG, Speed=1000000Hz
Erase Done.
Programming Done.
Verify OK.
