<html>
<body>
<pre>
<h1>µVision Build Log</h1>
<h2>Project:</h2>
G:\College\Graduation Project\graduation-project\traffic_lights\GSM Interface\Traffic_Light.uvproj
Project File Date:  04/07/2017

<h2>Output:</h2>
Rebuild target 'TL'
compiling GSM.c...
compiling main.c...
compiling PLL.c...
compiling SysTick.c...
compiling UART.c...
assembling startup_TM4C123.s...
linking...
Program Size: Code=2908 RO-data=652 RW-data=36 ZI-data=716  
".\Traffic_Light.axf" - 0 Error(s), 0 Warning(s).
Load "G:\\College\\Graduation Project\\graduation-project\\traffic_lights\\GSM Interface\\Traffic_Light.axf" 
Connecting: Mode=JTAG, Speed=1000000Hz
Erase Done.
Programming Done.
Verify OK.
Clean started: Project: 'Traffic_Light'
   deleting intermediate output files for target 'TL'
fer(Buffer * b);
UART.c: 0 warnings, 1 error
assembling startup_TM4C123.s...
".\Traffic_Light.axf" - 3 Error(s), 1 Warning(s).
Target not created
